;  LST file generated by mikroListExporter - v.2.0 
; Date/Time: 8/28/2026 10:58:35 PM
;----------------------------------------------

;Address Opcode 	ASM
0x0000	0x2A2A      	GOTO       554
_interrupt:
0x0004	0x00FF      	MOVWF      R15
0x0005	0x0E03      	SWAPF      STATUS, 0
0x0006	0x0183      	CLRF       STATUS
0x0007	0x00AE      	MOVWF      ___saveSTATUS
0x0008	0x080A      	MOVF       PCLATH, 0
0x0009	0x00AF      	MOVWF      ___savePCLATH
0x000A	0x018A      	CLRF       PCLATH
0x000B	0x1C8B      	BTFSS      INTF_bit, BitPos(INTF_bit+0)
0x000C	0x2817      	GOTO       L_interrupt0
0x000D	0x108B      	BCF        INTF_bit, BitPos(INTF_bit+0)
0x000E	0x0826      	MOVF       _manual, 0
0x000F	0x0427      	IORWF      _manual+1, 0
0x0010	0x3001      	MOVLW      1
0x0011	0x1D03      	BTFSS      STATUS, 2
0x0012	0x3000      	MOVLW      0
0x0013	0x00A6      	MOVWF      _manual
0x0014	0x00A7      	MOVWF      _manual+1
0x0015	0x3000      	MOVLW      0
0x0016	0x00A7      	MOVWF      _manual+1
L_interrupt0:
L_end_interrupt:
L__interrupt49:
0x0017	0x082F      	MOVF       ___savePCLATH, 0
0x0018	0x008A      	MOVWF      PCLATH
0x0019	0x0E2E      	SWAPF      ___saveSTATUS, 0
0x001A	0x0083      	MOVWF      STATUS
0x001B	0x0EFF      	SWAPF      R15, 1
0x001C	0x0E7F      	SWAPF      R15, 0
0x001D	0x0009      	RETFIE
; end of _interrupt
_Div_16x16_S_L:
0x001E	0x0D71      	RLF        R1, 0
0x001F	0x0DF8      	RLF        R8, 1
0x0020	0x0DF9      	RLF        R9, 1
0x0021	0x0874      	MOVF       R4, 0
0x0022	0x02F8      	SUBWF      R8, 1
0x0023	0x0875      	MOVF       R5, 0
0x0024	0x1C03      	BTFSS      STATUS, 0
0x0025	0x0F75      	INCFSZ     R5, 0
0x0026	0x02F9      	SUBWF      R9, 1
0x0027	0x0DF0      	RLF        R0, 1
0x0028	0x0DF1      	RLF        R1, 1
0x0029	0x300F      	MOVLW      15
0x002A	0x00FC      	MOVWF      R12
0x002B	0x0D71      	RLF        R1, 0
0x002C	0x0DF8      	RLF        R8, 1
0x002D	0x0DF9      	RLF        R9, 1
0x002E	0x0874      	MOVF       R4, 0
0x002F	0x1C70      	BTFSS      R0, 0
0x0030	0x2837      	GOTO       $+7
0x0031	0x02F8      	SUBWF      R8, 1
0x0032	0x0875      	MOVF       R5, 0
0x0033	0x1C03      	BTFSS      STATUS, 0
0x0034	0x0F75      	INCFSZ     R5, 0
0x0035	0x02F9      	SUBWF      R9, 1
0x0036	0x283C      	GOTO       $+6
0x0037	0x07F8      	ADDWF      R8, 1
0x0038	0x0875      	MOVF       R5, 0
0x0039	0x1803      	BTFSC      STATUS, 0
0x003A	0x0F75      	INCFSZ     R5, 0
0x003B	0x07F9      	ADDWF      R9, 1
0x003C	0x0DF0      	RLF        R0, 1
0x003D	0x0DF1      	RLF        R1, 1
0x003E	0x0BFC      	DECFSZ     R12, 1
0x003F	0x282B      	GOTO       $-20
0x0040	0x1870      	BTFSC      R0, 0
0x0041	0x2848      	GOTO       $+7
0x0042	0x0874      	MOVF       R4, 0
0x0043	0x07F8      	ADDWF      R8, 1
0x0044	0x0875      	MOVF       R5, 0
0x0045	0x1803      	BTFSC      STATUS, 0
0x0046	0x0F75      	INCFSZ     R5, 0
0x0047	0x07F9      	ADDWF      R9, 1
0x0048	0x0000      	NOP
L_end_Div_16x16_S_L:
0x0049	0x0008      	RETURN
; end of _Div_16x16_S_L
_Div_16x16_S:
0x004A	0x1283      	BCF        STATUS, 5
0x004B	0x1303      	BCF        STATUS, 6
0x004C	0x0874      	MOVF       R4, 0
0x004D	0x3A00      	XORLW      0
0x004E	0x1D03      	BTFSS      STATUS, 2
0x004F	0x2859      	GOTO       L_Div_16x16_S0
0x0050	0x0875      	MOVF       R5, 0
0x0051	0x3A00      	XORLW      0
0x0052	0x1D03      	BTFSS      STATUS, 2
0x0053	0x2859      	GOTO       L_Div_16x16_S1
0x0054	0x30FF      	MOVLW      255
0x0055	0x00F0      	MOVWF      R0
0x0056	0x307F      	MOVLW      127
0x0057	0x00F1      	MOVWF      R1
0x0058	0x28B2      	GOTO       L_end_Div_16x16_S
L_Div_16x16_S1:
L_Div_16x16_S0:
0x0059	0x1283      	BCF        STATUS, 5
0x005A	0x1303      	BCF        STATUS, 6
0x005B	0x01FD      	CLRF       R13
0x005C	0x01F9      	CLRF       R9
0x005D	0x01F8      	CLRF       R8
0x005E	0x0871      	MOVF       R1, 0
0x005F	0x0470      	IORWF      R0, 0
0x0060	0x1903      	BTFSC      STATUS, 2
0x0061	0x3400      	RETLW      0
0x0062	0x0871      	MOVF       R1, 0
0x0063	0x0675      	XORWF      R5, 0
0x0064	0x00FA      	MOVWF      R10
0x0065	0x1BFA      	BTFSC      R10, 7
0x0066	0x09FD      	COMF       R13, 1
0x0067	0x01FB      	CLRF       R11
0x0068	0x1FF5      	BTFSS      R5, 7
0x0069	0x286F      	GOTO       $+6
0x006A	0x09F4      	COMF       R4, 1
0x006B	0x09F5      	COMF       R5, 1
0x006C	0x0AF4      	INCF       R4, 1
0x006D	0x1903      	BTFSC      STATUS, 2
0x006E	0x0AF5      	INCF       R5, 1
0x006F	0x1FF1      	BTFSS      R1, 7
0x0070	0x2876      	GOTO       $+6
0x0071	0x09F0      	COMF       R0, 1
0x0072	0x09F1      	COMF       R1, 1
0x0073	0x0AF0      	INCF       R0, 1
0x0074	0x1903      	BTFSC      STATUS, 2
0x0075	0x0AF1      	INCF       R1, 1
0x0076	0x0871      	MOVF       R1, 0
0x0077	0x0475      	IORWF      R5, 0
0x0078	0x00FA      	MOVWF      R10
0x0079	0x1BFA      	BTFSC      R10, 7
0x007A	0x288B      	GOTO       $+17
0x007B	0x201E      	CALL       _Div_16x16_S_L
0x007C	0x187B      	BTFSC      R11, 0
0x007D	0x289E      	GOTO       $+33
0x007E	0x1FFD      	BTFSS      R13, 7
0x007F	0x3400      	RETLW      0
0x0080	0x09F0      	COMF       R0, 1
0x0081	0x09F1      	COMF       R1, 1
0x0082	0x0AF0      	INCF       R0, 1
0x0083	0x1903      	BTFSC      STATUS, 2
0x0084	0x0AF1      	INCF       R1, 1
0x0085	0x09F8      	COMF       R8, 1
0x0086	0x09F9      	COMF       R9, 1
0x0087	0x0AF8      	INCF       R8, 1
0x0088	0x1903      	BTFSC      STATUS, 2
0x0089	0x0AF9      	INCF       R9, 1
0x008A	0x3400      	RETLW      0
0x008B	0x1FF5      	BTFSS      R5, 7
0x008C	0x289A      	GOTO       $+14
0x008D	0x1BF1      	BTFSC      R1, 7
0x008E	0x2896      	GOTO       $+8
0x008F	0x0871      	MOVF       R1, 0
0x0090	0x00F9      	MOVWF      R9
0x0091	0x0870      	MOVF       R0, 0
0x0092	0x00F8      	MOVWF      R8
0x0093	0x01F1      	CLRF       R1
0x0094	0x01F0      	CLRF       R0
0x0095	0x287E      	GOTO       $-23
0x0096	0x01F1      	CLRF       R1
0x0097	0x01F0      	CLRF       R0
0x0098	0x0AF0      	INCF       R0, 1
0x0099	0x3400      	RETLW      0
0x009A	0x09F1      	COMF       R1, 1
0x009B	0x09F0      	COMF       R0, 1
0x009C	0x0AFB      	INCF       R11, 1
0x009D	0x287B      	GOTO       $-34
0x009E	0x0AF8      	INCF       R8, 1
0x009F	0x1903      	BTFSC      STATUS, 2
0x00A0	0x0AF9      	INCF       R9, 1
0x00A1	0x0874      	MOVF       R4, 0
0x00A2	0x0278      	SUBWF      R8, 0
0x00A3	0x1D03      	BTFSS      STATUS, 2
0x00A4	0x287E      	GOTO       $-38
0x00A5	0x0875      	MOVF       R5, 0
0x00A6	0x0279      	SUBWF      R9, 0
0x00A7	0x1D03      	BTFSS      STATUS, 2
0x00A8	0x287E      	GOTO       $-42
0x00A9	0x01F9      	CLRF       R9
0x00AA	0x01F8      	CLRF       R8
0x00AB	0x0AF0      	INCF       R0, 1
0x00AC	0x1903      	BTFSC      STATUS, 2
0x00AD	0x0AF1      	INCF       R1, 1
0x00AE	0x1FF1      	BTFSS      R1, 7
0x00AF	0x287E      	GOTO       $-49
0x00B0	0x0000      	NOP
0x00B1	0x34FF      	RETLW      255
L_end_Div_16x16_S:
0x00B2	0x0008      	RETURN
; end of _Div_16x16_S
_west_green:
0x00B3	0x1283      	BCF        STATUS, 5
0x00B4	0x1303      	BCF        STATUS, 6
0x00B5	0x1408      	BSF        PORTD, 0
0x00B6	0x1088      	BCF        PORTD, 1
0x00B7	0x1108      	BCF        PORTD, 2
0x00B8	0x1188      	BCF        PORTD, 3
0x00B9	0x1208      	BCF        PORTD, 4
0x00BA	0x1688      	BSF        PORTD, 5
L_end_west_green:
0x00BB	0x0008      	RETURN
; end of _west_green
_south_yellow:
0x00BC	0x1283      	BCF        STATUS, 5
0x00BD	0x1303      	BCF        STATUS, 6
0x00BE	0x1008      	BCF        PORTD, 0
0x00BF	0x1088      	BCF        PORTD, 1
0x00C0	0x1508      	BSF        PORTD, 2
0x00C1	0x1188      	BCF        PORTD, 3
0x00C2	0x1608      	BSF        PORTD, 4
0x00C3	0x1288      	BCF        PORTD, 5
L_end_south_yellow:
0x00C4	0x0008      	RETURN
; end of _south_yellow
_show_west:
0x00C5	0x300A      	MOVLW      10
0x00C6	0x1283      	BCF        STATUS, 5
0x00C7	0x1303      	BCF        STATUS, 6
0x00C8	0x00F4      	MOVWF      R4
0x00C9	0x3000      	MOVLW      0
0x00CA	0x00F5      	MOVWF      R4+1
0x00CB	0x0830      	MOVF       FARG_show_west_number, 0
0x00CC	0x00F0      	MOVWF      R0
0x00CD	0x0831      	MOVF       FARG_show_west_number+1, 0
0x00CE	0x00F1      	MOVWF      R0+1
0x00CF	0x204A      	CALL       _Div_16x16_S
0x00D0	0x0870      	MOVF       R0, 0
0x00D1	0x00B2      	MOVWF      FLOC__show_west
0x00D2	0x0871      	MOVF       R0+1, 0
0x00D3	0x00B3      	MOVWF      FLOC__show_west+1
0x00D4	0x0832      	MOVF       FLOC__show_west, 0
0x00D5	0x00A2      	MOVWF      _tens
0x00D6	0x0833      	MOVF       FLOC__show_west+1, 0
0x00D7	0x00A3      	MOVWF      _tens+1
0x00D8	0x300A      	MOVLW      10
0x00D9	0x00F4      	MOVWF      R4
0x00DA	0x3000      	MOVLW      0
0x00DB	0x00F5      	MOVWF      R4+1
0x00DC	0x0830      	MOVF       FARG_show_west_number, 0
0x00DD	0x00F0      	MOVWF      R0
0x00DE	0x0831      	MOVF       FARG_show_west_number+1, 0
0x00DF	0x00F1      	MOVWF      R0+1
0x00E0	0x204A      	CALL       _Div_16x16_S
0x00E1	0x0878      	MOVF       R8, 0
0x00E2	0x00F0      	MOVWF      R0
0x00E3	0x0879      	MOVF       R8+1, 0
0x00E4	0x00F1      	MOVWF      R0+1
0x00E5	0x0870      	MOVF       R0, 0
0x00E6	0x00A4      	MOVWF      _units
0x00E7	0x0871      	MOVF       R0+1, 0
0x00E8	0x00A5      	MOVWF      _units+1
0x00E9	0x30F0      	MOVLW      240
0x00EA	0x0506      	ANDWF      PORTB, 0
0x00EB	0x00F3      	MOVWF      R3
0x00EC	0x300F      	MOVLW      15
0x00ED	0x0532      	ANDWF      FLOC__show_west, 0
0x00EE	0x00F2      	MOVWF      R2
0x00EF	0x0872      	MOVF       R2, 0
0x00F0	0x0473      	IORWF      R3, 0
0x00F1	0x0086      	MOVWF      PORTB
0x00F2	0x30F0      	MOVLW      240
0x00F3	0x0507      	ANDWF      PORTC, 0
0x00F4	0x00F2      	MOVWF      R2
0x00F5	0x300F      	MOVLW      15
0x00F6	0x05F0      	ANDWF      R0, 1
0x00F7	0x0870      	MOVF       R0, 0
0x00F8	0x0472      	IORWF      R2, 0
0x00F9	0x0087      	MOVWF      PORTC
L_end_show_west:
0x00FA	0x0008      	RETURN
; end of _show_west
_south_green:
0x00FB	0x1283      	BCF        STATUS, 5
0x00FC	0x1303      	BCF        STATUS, 6
0x00FD	0x1008      	BCF        PORTD, 0
0x00FE	0x1088      	BCF        PORTD, 1
0x00FF	0x1508      	BSF        PORTD, 2
0x0100	0x1588      	BSF        PORTD, 3
0x0101	0x1208      	BCF        PORTD, 4
0x0102	0x1288      	BCF        PORTD, 5
L_end_south_green:
0x0103	0x0008      	RETURN
; end of _south_green
_show_south:
0x0104	0x300A      	MOVLW      10
0x0105	0x1283      	BCF        STATUS, 5
0x0106	0x1303      	BCF        STATUS, 6
0x0107	0x00F4      	MOVWF      R4
0x0108	0x3000      	MOVLW      0
0x0109	0x00F5      	MOVWF      R4+1
0x010A	0x0830      	MOVF       FARG_show_south_number, 0
0x010B	0x00F0      	MOVWF      R0
0x010C	0x0831      	MOVF       FARG_show_south_number+1, 0
0x010D	0x00F1      	MOVWF      R0+1
0x010E	0x204A      	CALL       _Div_16x16_S
0x010F	0x0870      	MOVF       R0, 0
0x0110	0x00B2      	MOVWF      FLOC__show_south
0x0111	0x0871      	MOVF       R0+1, 0
0x0112	0x00B3      	MOVWF      FLOC__show_south+1
0x0113	0x0832      	MOVF       FLOC__show_south, 0
0x0114	0x00A2      	MOVWF      _tens
0x0115	0x0833      	MOVF       FLOC__show_south+1, 0
0x0116	0x00A3      	MOVWF      _tens+1
0x0117	0x300A      	MOVLW      10
0x0118	0x00F4      	MOVWF      R4
0x0119	0x3000      	MOVLW      0
0x011A	0x00F5      	MOVWF      R4+1
0x011B	0x0830      	MOVF       FARG_show_south_number, 0
0x011C	0x00F0      	MOVWF      R0
0x011D	0x0831      	MOVF       FARG_show_south_number+1, 0
0x011E	0x00F1      	MOVWF      R0+1
0x011F	0x204A      	CALL       _Div_16x16_S
0x0120	0x0878      	MOVF       R8, 0
0x0121	0x00F0      	MOVWF      R0
0x0122	0x0879      	MOVF       R8+1, 0
0x0123	0x00F1      	MOVWF      R0+1
0x0124	0x0870      	MOVF       R0, 0
0x0125	0x00A4      	MOVWF      _units
0x0126	0x0871      	MOVF       R0+1, 0
0x0127	0x00A5      	MOVWF      _units+1
0x0128	0x300F      	MOVLW      15
0x0129	0x0506      	ANDWF      PORTB, 0
0x012A	0x00F4      	MOVWF      R4
0x012B	0x3004      	MOVLW      4
0x012C	0x00F3      	MOVWF      R3
0x012D	0x0832      	MOVF       FLOC__show_south, 0
0x012E	0x00F2      	MOVWF      R2
0x012F	0x0873      	MOVF       R3, 0
L__show_south52:
0x0130	0x1903      	BTFSC      STATUS, 2
0x0131	0x2936      	GOTO       L__show_south53
0x0132	0x0DF2      	RLF        R2, 1
0x0133	0x1072      	BCF        R2, 0
0x0134	0x3EFF      	ADDLW      255
0x0135	0x2930      	GOTO       L__show_south52
L__show_south53:
0x0136	0x0872      	MOVF       R2, 0
0x0137	0x0474      	IORWF      R4, 0
0x0138	0x0086      	MOVWF      PORTB
0x0139	0x300F      	MOVLW      15
0x013A	0x0507      	ANDWF      PORTC, 0
0x013B	0x00F4      	MOVWF      R4
0x013C	0x3004      	MOVLW      4
0x013D	0x00F3      	MOVWF      R3
0x013E	0x0870      	MOVF       R0, 0
0x013F	0x00F2      	MOVWF      R2
0x0140	0x0873      	MOVF       R3, 0
L__show_south54:
0x0141	0x1903      	BTFSC      STATUS, 2
0x0142	0x2947      	GOTO       L__show_south55
0x0143	0x0DF2      	RLF        R2, 1
0x0144	0x1072      	BCF        R2, 0
0x0145	0x3EFF      	ADDLW      255
0x0146	0x2941      	GOTO       L__show_south54
L__show_south55:
0x0147	0x0872      	MOVF       R2, 0
0x0148	0x0474      	IORWF      R4, 0
0x0149	0x0087      	MOVWF      PORTC
L_end_show_south:
0x014A	0x0008      	RETURN
; end of _show_south
_west_yellow:
0x014B	0x1283      	BCF        STATUS, 5
0x014C	0x1303      	BCF        STATUS, 6
0x014D	0x1008      	BCF        PORTD, 0
0x014E	0x1488      	BSF        PORTD, 1
0x014F	0x1108      	BCF        PORTD, 2
0x0150	0x1188      	BCF        PORTD, 3
0x0151	0x1208      	BCF        PORTD, 4
0x0152	0x1688      	BSF        PORTD, 5
L_end_west_yellow:
0x0153	0x0008      	RETURN
; end of _west_yellow
_____DoICP:
0x0154	0x1283      	BCF        STATUS, 5
0x0155	0x1303      	BCF        STATUS, 6
0x0156	0x0821      	MOVF       ___DoICPAddr+1, 0
0x0157	0x008A      	MOVWF      PCLATH
0x0158	0x0820      	MOVF       ___DoICPAddr, 0
0x0159	0x0082      	MOVWF      PCL
L_end_____DoICP:
0x015A	0x0008      	RETURN
; end of _____DoICP
_south_to_west:
0x015B	0x3003      	MOVLW      3
0x015C	0x1283      	BCF        STATUS, 5
0x015D	0x1303      	BCF        STATUS, 6
0x015E	0x00AC      	MOVWF      _counter
0x015F	0x3000      	MOVLW      0
0x0160	0x00AD      	MOVWF      _counter+1
L_south_to_west6:
0x0161	0x3080      	MOVLW      128
0x0162	0x062D      	XORWF      _counter+1, 0
0x0163	0x00F0      	MOVWF      R0
0x0164	0x3080      	MOVLW      128
0x0165	0x0270      	SUBWF      R0, 0
0x0166	0x1D03      	BTFSS      STATUS, 2
0x0167	0x296A      	GOTO       L__south_to_west66
0x0168	0x3001      	MOVLW      1
0x0169	0x022C      	SUBWF      _counter, 0
L__south_to_west66:
0x016A	0x1C03      	BTFSS      STATUS, 0
0x016B	0x2993      	GOTO       L_south_to_west7
0x016C	0x20BC      	CALL       _south_yellow
0x016D	0x082C      	MOVF       _counter, 0
0x016E	0x00B0      	MOVWF      FARG_show_west_number
0x016F	0x082D      	MOVF       _counter+1, 0
0x0170	0x00B1      	MOVWF      FARG_show_west_number+1
0x0171	0x20C5      	CALL       _show_west
0x0172	0x082C      	MOVF       _counter, 0
0x0173	0x00B0      	MOVWF      FARG_show_south_number
0x0174	0x082D      	MOVF       _counter+1, 0
0x0175	0x00B1      	MOVWF      FARG_show_south_number+1
0x0176	0x2104      	CALL       _show_south
0x0177	0x300B      	MOVLW      11
0x0178	0x00FB      	MOVWF      R11
0x0179	0x3026      	MOVLW      38
0x017A	0x00FC      	MOVWF      R12
0x017B	0x305D      	MOVLW      93
0x017C	0x00FD      	MOVWF      R13
L_south_to_west9:
0x017D	0x0BFD      	DECFSZ     R13, 1
0x017E	0x297D      	GOTO       L_south_to_west9
0x017F	0x0BFC      	DECFSZ     R12, 1
0x0180	0x297D      	GOTO       L_south_to_west9
0x0181	0x0BFB      	DECFSZ     R11, 1
0x0182	0x297D      	GOTO       L_south_to_west9
0x0183	0x0000      	NOP
0x0184	0x0000      	NOP
0x0185	0x3000      	MOVLW      0
0x0186	0x0627      	XORWF      _manual+1, 0
0x0187	0x1D03      	BTFSS      STATUS, 2
0x0188	0x298B      	GOTO       L__south_to_west67
0x0189	0x3000      	MOVLW      0
0x018A	0x0626      	XORWF      _manual, 0
L__south_to_west67:
0x018B	0x1D03      	BTFSS      STATUS, 2
0x018C	0x298E      	GOTO       L_south_to_west10
0x018D	0x2998      	GOTO       L_end_south_to_west
L_south_to_west10:
0x018E	0x3001      	MOVLW      1
0x018F	0x02AC      	SUBWF      _counter, 1
0x0190	0x1C03      	BTFSS      STATUS, 0
0x0191	0x03AD      	DECF       _counter+1, 1
0x0192	0x2961      	GOTO       L_south_to_west6
L_south_to_west7:
0x0193	0x3001      	MOVLW      1
0x0194	0x00A8      	MOVWF      _currentStreet
0x0195	0x3000      	MOVLW      0
0x0196	0x00A9      	MOVWF      _currentStreet+1
0x0197	0x20B3      	CALL       _west_green
L_end_south_to_west:
0x0198	0x0008      	RETURN
; end of _south_to_west
_west_to_south:
0x0199	0x3003      	MOVLW      3
0x019A	0x1283      	BCF        STATUS, 5
0x019B	0x1303      	BCF        STATUS, 6
0x019C	0x00AC      	MOVWF      _counter
0x019D	0x3000      	MOVLW      0
0x019E	0x00AD      	MOVWF      _counter+1
L_west_to_south1:
0x019F	0x3080      	MOVLW      128
0x01A0	0x062D      	XORWF      _counter+1, 0
0x01A1	0x00F0      	MOVWF      R0
0x01A2	0x3080      	MOVLW      128
0x01A3	0x0270      	SUBWF      R0, 0
0x01A4	0x1D03      	BTFSS      STATUS, 2
0x01A5	0x29A8      	GOTO       L__west_to_south63
0x01A6	0x3001      	MOVLW      1
0x01A7	0x022C      	SUBWF      _counter, 0
L__west_to_south63:
0x01A8	0x1C03      	BTFSS      STATUS, 0
0x01A9	0x29D1      	GOTO       L_west_to_south2
0x01AA	0x214B      	CALL       _west_yellow
0x01AB	0x082C      	MOVF       _counter, 0
0x01AC	0x00B0      	MOVWF      FARG_show_west_number
0x01AD	0x082D      	MOVF       _counter+1, 0
0x01AE	0x00B1      	MOVWF      FARG_show_west_number+1
0x01AF	0x20C5      	CALL       _show_west
0x01B0	0x082C      	MOVF       _counter, 0
0x01B1	0x00B0      	MOVWF      FARG_show_south_number
0x01B2	0x082D      	MOVF       _counter+1, 0
0x01B3	0x00B1      	MOVWF      FARG_show_south_number+1
0x01B4	0x2104      	CALL       _show_south
0x01B5	0x300B      	MOVLW      11
0x01B6	0x00FB      	MOVWF      R11
0x01B7	0x3026      	MOVLW      38
0x01B8	0x00FC      	MOVWF      R12
0x01B9	0x305D      	MOVLW      93
0x01BA	0x00FD      	MOVWF      R13
L_west_to_south4:
0x01BB	0x0BFD      	DECFSZ     R13, 1
0x01BC	0x29BB      	GOTO       L_west_to_south4
0x01BD	0x0BFC      	DECFSZ     R12, 1
0x01BE	0x29BB      	GOTO       L_west_to_south4
0x01BF	0x0BFB      	DECFSZ     R11, 1
0x01C0	0x29BB      	GOTO       L_west_to_south4
0x01C1	0x0000      	NOP
0x01C2	0x0000      	NOP
0x01C3	0x3000      	MOVLW      0
0x01C4	0x0627      	XORWF      _manual+1, 0
0x01C5	0x1D03      	BTFSS      STATUS, 2
0x01C6	0x29C9      	GOTO       L__west_to_south64
0x01C7	0x3000      	MOVLW      0
0x01C8	0x0626      	XORWF      _manual, 0
L__west_to_south64:
0x01C9	0x1D03      	BTFSS      STATUS, 2
0x01CA	0x29CC      	GOTO       L_west_to_south5
0x01CB	0x29D6      	GOTO       L_end_west_to_south
L_west_to_south5:
0x01CC	0x3001      	MOVLW      1
0x01CD	0x02AC      	SUBWF      _counter, 1
0x01CE	0x1C03      	BTFSS      STATUS, 0
0x01CF	0x03AD      	DECF       _counter+1, 1
0x01D0	0x299F      	GOTO       L_west_to_south1
L_west_to_south2:
0x01D1	0x3002      	MOVLW      2
0x01D2	0x00A8      	MOVWF      _currentStreet
0x01D3	0x3000      	MOVLW      0
0x01D4	0x00A9      	MOVWF      _currentStreet+1
0x01D5	0x20FB      	CALL       _south_green
L_end_west_to_south:
0x01D6	0x0008      	RETURN
; end of _west_to_south
___CC2DW:
_CC2D_Loop1:
0x01D7	0x2154      	CALL       _____DoICP
0x01D8	0x118A      	BCF        PCLATH, 3
0x01D9	0x120A      	BCF        PCLATH, 4
0x01DA	0x0080      	MOVWF      INDF
0x01DB	0x0A84      	INCF       FSR, 1
0x01DC	0x0AA0      	INCF       ___DoICPAddr, 1
0x01DD	0x1903      	BTFSC      STATUS, 2
0x01DE	0x0AA1      	INCF       ___DoICPAddr+1, 1
0x01DF	0x03F0      	DECF       R0, 1
0x01E0	0x1D03      	BTFSS      STATUS, 2
0x01E1	0x29D7      	GOTO       _CC2D_Loop1
L_end___CC2DW:
0x01E2	0x0008      	RETURN
; end of ___CC2DW
_manual_mode:
0x01E3	0x1283      	BCF        STATUS, 5
0x01E4	0x1303      	BCF        STATUS, 6
0x01E5	0x01B0      	CLRF       FARG_show_west_number
0x01E6	0x01B1      	CLRF       FARG_show_west_number+1
0x01E7	0x20C5      	CALL       _show_west
0x01E8	0x01B0      	CLRF       FARG_show_south_number
0x01E9	0x01B1      	CLRF       FARG_show_south_number+1
0x01EA	0x2104      	CALL       _show_south
0x01EB	0x3000      	MOVLW      0
0x01EC	0x1809      	BTFSC      PORTE, 0
0x01ED	0x3001      	MOVLW      1
0x01EE	0x00AA      	MOVWF      _oldStreetButton
0x01EF	0x01AB      	CLRF       _oldStreetButton+1
L_manual_mode11:
0x01F0	0x3000      	MOVLW      0
0x01F1	0x0627      	XORWF      _manual+1, 0
0x01F2	0x1D03      	BTFSS      STATUS, 2
0x01F3	0x29F6      	GOTO       L__manual_mode69
0x01F4	0x3001      	MOVLW      1
0x01F5	0x0626      	XORWF      _manual, 0
L__manual_mode69:
0x01F6	0x1D03      	BTFSS      STATUS, 2
0x01F7	0x2A29      	GOTO       L_manual_mode12
0x01F8	0x01F1      	CLRF       R1
0x01F9	0x1809      	BTFSC      PORTE, 0
0x01FA	0x0AF1      	INCF       R1, 1
0x01FB	0x3000      	MOVLW      0
0x01FC	0x062B      	XORWF      _oldStreetButton+1, 0
0x01FD	0x1D03      	BTFSS      STATUS, 2
0x01FE	0x2A01      	GOTO       L__manual_mode70
0x01FF	0x0871      	MOVF       R1, 0
0x0200	0x062A      	XORWF      _oldStreetButton, 0
L__manual_mode70:
0x0201	0x1903      	BTFSC      STATUS, 2
0x0202	0x2A1F      	GOTO       L_manual_mode13
0x0203	0x3000      	MOVLW      0
0x0204	0x0629      	XORWF      _currentStreet+1, 0
0x0205	0x1D03      	BTFSS      STATUS, 2
0x0206	0x2A09      	GOTO       L__manual_mode71
0x0207	0x3001      	MOVLW      1
0x0208	0x0628      	XORWF      _currentStreet, 0
L__manual_mode71:
0x0209	0x1D03      	BTFSS      STATUS, 2
0x020A	0x2A0D      	GOTO       L_manual_mode14
0x020B	0x2199      	CALL       _west_to_south
0x020C	0x2A0E      	GOTO       L_manual_mode15
L_manual_mode14:
0x020D	0x215B      	CALL       _south_to_west
L_manual_mode15:
L_manual_mode16:
0x020E	0x1C09      	BTFSS      PORTE, 0
0x020F	0x2A1A      	GOTO       L_manual_mode17
0x0210	0x301A      	MOVLW      26
0x0211	0x00FC      	MOVWF      R12
0x0212	0x30F8      	MOVLW      248
0x0213	0x00FD      	MOVWF      R13
L_manual_mode18:
0x0214	0x0BFD      	DECFSZ     R13, 1
0x0215	0x2A14      	GOTO       L_manual_mode18
0x0216	0x0BFC      	DECFSZ     R12, 1
0x0217	0x2A14      	GOTO       L_manual_mode18
0x0218	0x0000      	NOP
0x0219	0x2A0E      	GOTO       L_manual_mode16
L_manual_mode17:
0x021A	0x3000      	MOVLW      0
0x021B	0x1809      	BTFSC      PORTE, 0
0x021C	0x3001      	MOVLW      1
0x021D	0x00AA      	MOVWF      _oldStreetButton
0x021E	0x01AB      	CLRF       _oldStreetButton+1
L_manual_mode13:
0x021F	0x3000      	MOVLW      0
0x0220	0x0627      	XORWF      _manual+1, 0
0x0221	0x1D03      	BTFSS      STATUS, 2
0x0222	0x2A25      	GOTO       L__manual_mode72
0x0223	0x3000      	MOVLW      0
0x0224	0x0626      	XORWF      _manual, 0
L__manual_mode72:
0x0225	0x1D03      	BTFSS      STATUS, 2
0x0226	0x2A28      	GOTO       L_manual_mode19
0x0227	0x2A29      	GOTO       L_end_manual_mode
L_manual_mode19:
0x0228	0x29F0      	GOTO       L_manual_mode11
L_manual_mode12:
L_end_manual_mode:
0x0229	0x0008      	RETURN
; end of _manual_mode
_main:
0x022A	0x3006      	MOVLW      6
0x022B	0x1683      	BSF        STATUS, 5
0x022C	0x1303      	BCF        STATUS, 6
0x022D	0x009F      	MOVWF      ADCON1
0x022E	0x178B      	BSF        INTCON, 7
0x022F	0x160B      	BSF        INTCON, 4
0x0230	0x1701      	BSF        OPTION_REG, 6
0x0231	0x3001      	MOVLW      1
0x0232	0x0085      	MOVWF      TRISA
0x0233	0x0186      	CLRF       TRISB
0x0234	0x0187      	CLRF       TRISC
0x0235	0x0188      	CLRF       TRISD
0x0236	0x3001      	MOVLW      1
0x0237	0x0089      	MOVWF      TRISE
0x0238	0x1283      	BCF        STATUS, 5
0x0239	0x0185      	CLRF       PORTA
0x023A	0x0186      	CLRF       PORTB
0x023B	0x0187      	CLRF       PORTC
0x023C	0x0188      	CLRF       PORTD
0x023D	0x0189      	CLRF       PORTE
0x023E	0x01A6      	CLRF       _manual
0x023F	0x01A7      	CLRF       _manual+1
L_main20:
0x0240	0x3000      	MOVLW      0
0x0241	0x0627      	XORWF      _manual+1, 0
0x0242	0x1D03      	BTFSS      STATUS, 2
0x0243	0x2A46      	GOTO       L__main74
0x0244	0x3000      	MOVLW      0
0x0245	0x0626      	XORWF      _manual, 0
L__main74:
0x0246	0x1D03      	BTFSS      STATUS, 2
0x0247	0x2B53      	GOTO       L_main22
0x0248	0x3001      	MOVLW      1
0x0249	0x00A8      	MOVWF      _currentStreet
0x024A	0x3000      	MOVLW      0
0x024B	0x00A9      	MOVWF      _currentStreet+1
0x024C	0x3014      	MOVLW      20
0x024D	0x00AC      	MOVWF      _counter
0x024E	0x3000      	MOVLW      0
0x024F	0x00AD      	MOVWF      _counter+1
L_main23:
0x0250	0x3080      	MOVLW      128
0x0251	0x062D      	XORWF      _counter+1, 0
0x0252	0x00F0      	MOVWF      R0
0x0253	0x3080      	MOVLW      128
0x0254	0x0270      	SUBWF      R0, 0
0x0255	0x1D03      	BTFSS      STATUS, 2
0x0256	0x2A59      	GOTO       L__main75
0x0257	0x3001      	MOVLW      1
0x0258	0x022C      	SUBWF      _counter, 0
L__main75:
0x0259	0x1C03      	BTFSS      STATUS, 0
0x025A	0x2A85      	GOTO       L_main24
0x025B	0x20B3      	CALL       _west_green
0x025C	0x082C      	MOVF       _counter, 0
0x025D	0x00B0      	MOVWF      FARG_show_west_number
0x025E	0x082D      	MOVF       _counter+1, 0
0x025F	0x00B1      	MOVWF      FARG_show_west_number+1
0x0260	0x20C5      	CALL       _show_west
0x0261	0x3003      	MOVLW      3
0x0262	0x072C      	ADDWF      _counter, 0
0x0263	0x00B0      	MOVWF      FARG_show_south_number
0x0264	0x082D      	MOVF       _counter+1, 0
0x0265	0x1803      	BTFSC      STATUS, 0
0x0266	0x3E01      	ADDLW      1
0x0267	0x00B1      	MOVWF      FARG_show_south_number+1
0x0268	0x2104      	CALL       _show_south
0x0269	0x300B      	MOVLW      11
0x026A	0x00FB      	MOVWF      R11
0x026B	0x3026      	MOVLW      38
0x026C	0x00FC      	MOVWF      R12
0x026D	0x305D      	MOVLW      93
0x026E	0x00FD      	MOVWF      R13
L_main26:
0x026F	0x0BFD      	DECFSZ     R13, 1
0x0270	0x2A6F      	GOTO       L_main26
0x0271	0x0BFC      	DECFSZ     R12, 1
0x0272	0x2A6F      	GOTO       L_main26
0x0273	0x0BFB      	DECFSZ     R11, 1
0x0274	0x2A6F      	GOTO       L_main26
0x0275	0x0000      	NOP
0x0276	0x0000      	NOP
0x0277	0x3000      	MOVLW      0
0x0278	0x0627      	XORWF      _manual+1, 0
0x0279	0x1D03      	BTFSS      STATUS, 2
0x027A	0x2A7D      	GOTO       L__main76
0x027B	0x3001      	MOVLW      1
0x027C	0x0626      	XORWF      _manual, 0
L__main76:
0x027D	0x1D03      	BTFSS      STATUS, 2
0x027E	0x2A80      	GOTO       L_main27
0x027F	0x2A85      	GOTO       L_main24
L_main27:
0x0280	0x3001      	MOVLW      1
0x0281	0x02AC      	SUBWF      _counter, 1
0x0282	0x1C03      	BTFSS      STATUS, 0
0x0283	0x03AD      	DECF       _counter+1, 1
0x0284	0x2A50      	GOTO       L_main23
L_main24:
0x0285	0x3000      	MOVLW      0
0x0286	0x0627      	XORWF      _manual+1, 0
0x0287	0x1D03      	BTFSS      STATUS, 2
0x0288	0x2A8B      	GOTO       L__main77
0x0289	0x3001      	MOVLW      1
0x028A	0x0626      	XORWF      _manual, 0
L__main77:
0x028B	0x1D03      	BTFSS      STATUS, 2
0x028C	0x2A8E      	GOTO       L_main28
0x028D	0x2B55      	GOTO       L_main21
L_main28:
0x028E	0x3003      	MOVLW      3
0x028F	0x00AC      	MOVWF      _counter
0x0290	0x3000      	MOVLW      0
0x0291	0x00AD      	MOVWF      _counter+1
L_main29:
0x0292	0x3080      	MOVLW      128
0x0293	0x062D      	XORWF      _counter+1, 0
0x0294	0x00F0      	MOVWF      R0
0x0295	0x3080      	MOVLW      128
0x0296	0x0270      	SUBWF      R0, 0
0x0297	0x1D03      	BTFSS      STATUS, 2
0x0298	0x2A9B      	GOTO       L__main78
0x0299	0x3001      	MOVLW      1
0x029A	0x022C      	SUBWF      _counter, 0
L__main78:
0x029B	0x1C03      	BTFSS      STATUS, 0
0x029C	0x2AC4      	GOTO       L_main30
0x029D	0x214B      	CALL       _west_yellow
0x029E	0x082C      	MOVF       _counter, 0
0x029F	0x00B0      	MOVWF      FARG_show_west_number
0x02A0	0x082D      	MOVF       _counter+1, 0
0x02A1	0x00B1      	MOVWF      FARG_show_west_number+1
0x02A2	0x20C5      	CALL       _show_west
0x02A3	0x082C      	MOVF       _counter, 0
0x02A4	0x00B0      	MOVWF      FARG_show_south_number
0x02A5	0x082D      	MOVF       _counter+1, 0
0x02A6	0x00B1      	MOVWF      FARG_show_south_number+1
0x02A7	0x2104      	CALL       _show_south
0x02A8	0x300B      	MOVLW      11
0x02A9	0x00FB      	MOVWF      R11
0x02AA	0x3026      	MOVLW      38
0x02AB	0x00FC      	MOVWF      R12
0x02AC	0x305D      	MOVLW      93
0x02AD	0x00FD      	MOVWF      R13
L_main32:
0x02AE	0x0BFD      	DECFSZ     R13, 1
0x02AF	0x2AAE      	GOTO       L_main32
0x02B0	0x0BFC      	DECFSZ     R12, 1
0x02B1	0x2AAE      	GOTO       L_main32
0x02B2	0x0BFB      	DECFSZ     R11, 1
0x02B3	0x2AAE      	GOTO       L_main32
0x02B4	0x0000      	NOP
0x02B5	0x0000      	NOP
0x02B6	0x3000      	MOVLW      0
0x02B7	0x0627      	XORWF      _manual+1, 0
0x02B8	0x1D03      	BTFSS      STATUS, 2
0x02B9	0x2ABC      	GOTO       L__main79
0x02BA	0x3001      	MOVLW      1
0x02BB	0x0626      	XORWF      _manual, 0
L__main79:
0x02BC	0x1D03      	BTFSS      STATUS, 2
0x02BD	0x2ABF      	GOTO       L_main33
0x02BE	0x2AC4      	GOTO       L_main30
L_main33:
0x02BF	0x3001      	MOVLW      1
0x02C0	0x02AC      	SUBWF      _counter, 1
0x02C1	0x1C03      	BTFSS      STATUS, 0
0x02C2	0x03AD      	DECF       _counter+1, 1
0x02C3	0x2A92      	GOTO       L_main29
L_main30:
0x02C4	0x3000      	MOVLW      0
0x02C5	0x0627      	XORWF      _manual+1, 0
0x02C6	0x1D03      	BTFSS      STATUS, 2
0x02C7	0x2ACA      	GOTO       L__main80
0x02C8	0x3001      	MOVLW      1
0x02C9	0x0626      	XORWF      _manual, 0
L__main80:
0x02CA	0x1D03      	BTFSS      STATUS, 2
0x02CB	0x2ACD      	GOTO       L_main34
0x02CC	0x2B55      	GOTO       L_main21
L_main34:
0x02CD	0x3002      	MOVLW      2
0x02CE	0x00A8      	MOVWF      _currentStreet
0x02CF	0x3000      	MOVLW      0
0x02D0	0x00A9      	MOVWF      _currentStreet+1
0x02D1	0x3014      	MOVLW      20
0x02D2	0x00AC      	MOVWF      _counter
0x02D3	0x3000      	MOVLW      0
0x02D4	0x00AD      	MOVWF      _counter+1
L_main35:
0x02D5	0x3080      	MOVLW      128
0x02D6	0x062D      	XORWF      _counter+1, 0
0x02D7	0x00F0      	MOVWF      R0
0x02D8	0x3080      	MOVLW      128
0x02D9	0x0270      	SUBWF      R0, 0
0x02DA	0x1D03      	BTFSS      STATUS, 2
0x02DB	0x2ADE      	GOTO       L__main81
0x02DC	0x3001      	MOVLW      1
0x02DD	0x022C      	SUBWF      _counter, 0
L__main81:
0x02DE	0x1C03      	BTFSS      STATUS, 0
0x02DF	0x2B0A      	GOTO       L_main36
0x02E0	0x20FB      	CALL       _south_green
0x02E1	0x3003      	MOVLW      3
0x02E2	0x072C      	ADDWF      _counter, 0
0x02E3	0x00B0      	MOVWF      FARG_show_west_number
0x02E4	0x082D      	MOVF       _counter+1, 0
0x02E5	0x1803      	BTFSC      STATUS, 0
0x02E6	0x3E01      	ADDLW      1
0x02E7	0x00B1      	MOVWF      FARG_show_west_number+1
0x02E8	0x20C5      	CALL       _show_west
0x02E9	0x082C      	MOVF       _counter, 0
0x02EA	0x00B0      	MOVWF      FARG_show_south_number
0x02EB	0x082D      	MOVF       _counter+1, 0
0x02EC	0x00B1      	MOVWF      FARG_show_south_number+1
0x02ED	0x2104      	CALL       _show_south
0x02EE	0x300B      	MOVLW      11
0x02EF	0x00FB      	MOVWF      R11
0x02F0	0x3026      	MOVLW      38
0x02F1	0x00FC      	MOVWF      R12
0x02F2	0x305D      	MOVLW      93
0x02F3	0x00FD      	MOVWF      R13
L_main38:
0x02F4	0x0BFD      	DECFSZ     R13, 1
0x02F5	0x2AF4      	GOTO       L_main38
0x02F6	0x0BFC      	DECFSZ     R12, 1
0x02F7	0x2AF4      	GOTO       L_main38
0x02F8	0x0BFB      	DECFSZ     R11, 1
0x02F9	0x2AF4      	GOTO       L_main38
0x02FA	0x0000      	NOP
0x02FB	0x0000      	NOP
0x02FC	0x3000      	MOVLW      0
0x02FD	0x0627      	XORWF      _manual+1, 0
0x02FE	0x1D03      	BTFSS      STATUS, 2
0x02FF	0x2B02      	GOTO       L__main82
0x0300	0x3001      	MOVLW      1
0x0301	0x0626      	XORWF      _manual, 0
L__main82:
0x0302	0x1D03      	BTFSS      STATUS, 2
0x0303	0x2B05      	GOTO       L_main39
0x0304	0x2B0A      	GOTO       L_main36
L_main39:
0x0305	0x3001      	MOVLW      1
0x0306	0x02AC      	SUBWF      _counter, 1
0x0307	0x1C03      	BTFSS      STATUS, 0
0x0308	0x03AD      	DECF       _counter+1, 1
0x0309	0x2AD5      	GOTO       L_main35
L_main36:
0x030A	0x3000      	MOVLW      0
0x030B	0x0627      	XORWF      _manual+1, 0
0x030C	0x1D03      	BTFSS      STATUS, 2
0x030D	0x2B10      	GOTO       L__main83
0x030E	0x3001      	MOVLW      1
0x030F	0x0626      	XORWF      _manual, 0
L__main83:
0x0310	0x1D03      	BTFSS      STATUS, 2
0x0311	0x2B13      	GOTO       L_main40
0x0312	0x2B55      	GOTO       L_main21
L_main40:
0x0313	0x3003      	MOVLW      3
0x0314	0x00AC      	MOVWF      _counter
0x0315	0x3000      	MOVLW      0
0x0316	0x00AD      	MOVWF      _counter+1
L_main41:
0x0317	0x3080      	MOVLW      128
0x0318	0x062D      	XORWF      _counter+1, 0
0x0319	0x00F0      	MOVWF      R0
0x031A	0x3080      	MOVLW      128
0x031B	0x0270      	SUBWF      R0, 0
0x031C	0x1D03      	BTFSS      STATUS, 2
0x031D	0x2B20      	GOTO       L__main84
0x031E	0x3001      	MOVLW      1
0x031F	0x022C      	SUBWF      _counter, 0
L__main84:
0x0320	0x1C03      	BTFSS      STATUS, 0
0x0321	0x2B49      	GOTO       L_main42
0x0322	0x20BC      	CALL       _south_yellow
0x0323	0x082C      	MOVF       _counter, 0
0x0324	0x00B0      	MOVWF      FARG_show_west_number
0x0325	0x082D      	MOVF       _counter+1, 0
0x0326	0x00B1      	MOVWF      FARG_show_west_number+1
0x0327	0x20C5      	CALL       _show_west
0x0328	0x082C      	MOVF       _counter, 0
0x0329	0x00B0      	MOVWF      FARG_show_south_number
0x032A	0x082D      	MOVF       _counter+1, 0
0x032B	0x00B1      	MOVWF      FARG_show_south_number+1
0x032C	0x2104      	CALL       _show_south
0x032D	0x300B      	MOVLW      11
0x032E	0x00FB      	MOVWF      R11
0x032F	0x3026      	MOVLW      38
0x0330	0x00FC      	MOVWF      R12
0x0331	0x305D      	MOVLW      93
0x0332	0x00FD      	MOVWF      R13
L_main44:
0x0333	0x0BFD      	DECFSZ     R13, 1
0x0334	0x2B33      	GOTO       L_main44
0x0335	0x0BFC      	DECFSZ     R12, 1
0x0336	0x2B33      	GOTO       L_main44
0x0337	0x0BFB      	DECFSZ     R11, 1
0x0338	0x2B33      	GOTO       L_main44
0x0339	0x0000      	NOP
0x033A	0x0000      	NOP
0x033B	0x3000      	MOVLW      0
0x033C	0x0627      	XORWF      _manual+1, 0
0x033D	0x1D03      	BTFSS      STATUS, 2
0x033E	0x2B41      	GOTO       L__main85
0x033F	0x3001      	MOVLW      1
0x0340	0x0626      	XORWF      _manual, 0
L__main85:
0x0341	0x1D03      	BTFSS      STATUS, 2
0x0342	0x2B44      	GOTO       L_main45
0x0343	0x2B49      	GOTO       L_main42
L_main45:
0x0344	0x3001      	MOVLW      1
0x0345	0x02AC      	SUBWF      _counter, 1
0x0346	0x1C03      	BTFSS      STATUS, 0
0x0347	0x03AD      	DECF       _counter+1, 1
0x0348	0x2B17      	GOTO       L_main41
L_main42:
0x0349	0x3000      	MOVLW      0
0x034A	0x0627      	XORWF      _manual+1, 0
0x034B	0x1D03      	BTFSS      STATUS, 2
0x034C	0x2B4F      	GOTO       L__main86
0x034D	0x3001      	MOVLW      1
0x034E	0x0626      	XORWF      _manual, 0
L__main86:
0x034F	0x1D03      	BTFSS      STATUS, 2
0x0350	0x2B52      	GOTO       L_main46
0x0351	0x2B55      	GOTO       L_main21
L_main46:
0x0352	0x2B54      	GOTO       L_main47
L_main22:
0x0353	0x21E3      	CALL       _manual_mode
L_main47:
0x0354	0x2A40      	GOTO       L_main20
L_main21:
L_end_main:
0x0355	0x2B55      	GOTO       $+0
; end of _main
Symbol List:
//** Routines locations **
//ADDRESS    SIZE    PROCEDURE
//----------------------------------------------
0x0004      [26]    _interrupt
0x001E      [44]    _Div_16x16_S_L
0x004A     [105]    _Div_16x16_S
0x00B3       [9]    _west_green
0x00BC       [9]    _south_yellow
0x00C5      [54]    _show_west
0x00FB       [9]    _south_green
0x0104      [71]    _show_south
0x014B       [9]    _west_yellow
0x0154       [7]    _____DoICP
0x015B      [62]    _south_to_west
0x0199      [62]    _west_to_south
0x01D7      [12]    ___CC2DW
0x01E3      [71]    _manual_mode
0x022A     [300]    _main
//** Variables locations ** 
//ADDRESS    SIZE    VARIABLE
//----------------------------------------------
0x0000       [1]    INDF
0x0002       [1]    PCL
0x0003       [1]    STATUS
0x0004       [1]    FSR
0x0005       [1]    PORTA
0x0006       [1]    PORTB
0x0007       [1]    PORTC
0x0008       [1]    PORTD
0x0009       [1]    PORTE
0x000A       [1]    PCLATH
0x000B       [0]    INTF_bit
0x000B       [1]    INTCON
0x0020       [2]    ___DoICPAddr
0x0022       [2]    _tens
0x0024       [2]    _units
0x0026       [2]    _manual
0x0028       [2]    _currentStreet
0x002A       [2]    _oldStreetButton
0x002C       [2]    _counter
0x002E       [1]    ___saveSTATUS
0x002F       [1]    ___savePCLATH
0x0030       [2]    FARG_show_west_number
0x0030       [2]    FARG_show_south_number
0x0032       [2]    FLOC__show_south
0x0032       [2]    FLOC__show_west
0x0070       [1]    R0
0x0071       [1]    R1
0x0072       [1]    R2
0x0073       [1]    R3
0x0074       [1]    R4
0x0075       [1]    R5
0x0076       [1]    R6
0x0077       [1]    R7
0x0078       [1]    R8
0x0079       [1]    R9
0x007A       [1]    R10
0x007B       [1]    R11
0x007C       [1]    R12
0x007D       [1]    R13
0x007E       [1]    R14
0x007F       [1]    R15
0x0081       [1]    OPTION_REG
0x0085       [1]    TRISA
0x0086       [1]    TRISB
0x0087       [1]    TRISC
0x0088       [1]    TRISD
0x0089       [1]    TRISE
0x009F       [1]    ADCON1
